
> nougram-frontend@1.0.0 test
> vitest --run src/lib/__tests__/money.test.ts

node.exe : [33mThe CJS build of Vite's Node API is deprecated. See 
https://vite.dev/guide/troubleshooting.html#vite-cjs-node-api-deprecated for more details.[39m
En línea: 1 Carácter: 1
+ & "C:\Program Files\nodejs/node.exe" "C:\Program Files\nodejs/node_mo ...
+ ~~~~~~~~~~~~~~~~~~~~~~~~~~~~~~~~~~~~~~~~~~~~~~~~~~~~~~~~~~~~~~~~~~~~~
    + CategoryInfo          : NotSpecified: ([33mThe CJS bu...e details.[39m:String) [], RemoteException
    + FullyQualifiedErrorId : NativeCommandError
 

 RUN  v1.6.1 C:/Users/Usuario/Documents/GitHub/Cotizador/frontend

[baseline-browser-mapping] The data in this module is over two months old.  To ensure accurate Baseline data, please 
update: `npm i baseline-browser-mapping@latest -D`
 ÔØ» src/lib/__tests__/money.test.ts  (31 tests | 2 failed) 21ms
   ÔØ» src/lib/__tests__/money.test.ts > Money Creation > fromAPIString > should create Dinero from COP string (no decimals)
     ÔåÆ dineroObj.getAmount is not a function
   ÔØ» src/lib/__tests__/money.test.ts > Money Conversions > toAPIString > should convert COP Dinero to string
     ÔåÆ expected '10000.00' to be '1000000.00' // Object.is equality

ÔÄ»ÔÄ»ÔÄ»ÔÄ»ÔÄ»ÔÄ»ÔÄ» Failed Tests 2 ÔÄ»ÔÄ»ÔÄ»ÔÄ»ÔÄ»ÔÄ»ÔÄ»

 FAIL  src/lib/__tests__/money.test.ts > Money Creation > fromAPIString > should create Dinero from COP string (no 
decimals)
TypeError: dineroObj.getAmount is not a function
 ÔØ» src/lib/__tests__/money.test.ts:33:24
     31|     it('should create Dinero from COP string (no decimals)', () => {
     32|       const dineroObj = fromAPIString('1000000', 'COP');
     33|       expect(dineroObj.getAmount()).toBe(1000000); // COP already in uÔÇª
       |                        ^
     34|       expect(dineroObj.currency.code).toBe('COP');
     35|     });

ÔÄ»ÔÄ»ÔÄ»ÔÄ»ÔÄ»ÔÄ»ÔÄ»ÔÄ»ÔÄ»ÔÄ»ÔÄ»ÔÄ»ÔÄ»ÔÄ»ÔÄ»ÔÄ»ÔÄ»ÔÄ»ÔÄ»ÔÄ»ÔÄ»ÔÄ»ÔÄ»ÔÄ»[1/2]ÔÄ»

 FAIL  src/lib/__tests__/money.test.ts > Money Conversions > toAPIString > should convert COP Dinero to string
AssertionError: expected '10000.00' to be '1000000.00' // Object.is equality

- Expected
+ Received

- 1000000.00
+ 10000.00

 ÔØ» src/lib/__tests__/money.test.ts:76:22
     74|       const dineroObj = dinero({ amount: 1000000, currency: COP });
     75|       const result = toAPIString(dineroObj);
     76|       expect(result).toBe('1000000.00');
       |                      ^
     77|     });
     78|   });

ÔÄ»ÔÄ»ÔÄ»ÔÄ»ÔÄ»ÔÄ»ÔÄ»ÔÄ»ÔÄ»ÔÄ»ÔÄ»ÔÄ»ÔÄ»ÔÄ»ÔÄ»ÔÄ»ÔÄ»ÔÄ»ÔÄ»ÔÄ»ÔÄ»ÔÄ»ÔÄ»ÔÄ»[2/2]ÔÄ»

 Test Files  1 failed (1)
      Tests  2 failed | 29 passed (31)
   Start at  15:54:50
   Duration  577ms (transform 49ms, setup 22ms, collect 41ms, tests 21ms, environment 0ms, prepare 108ms)

